<testsuites name="jest tests" tests="4" failures="0" time="1.739">
  <testsuite name="undefined" errors="0" failures="0" skipped="0" timestamp="2020-08-19T21:07:39" time="1.739" tests="4">
    <testcase classname=" initial UI is rendered as expected" name=" initial UI is rendered as expected" time="0.061">
    </testcase>
    <testcase classname=" inital value is set via props" name=" inital value is set via props" time="0.012">
    </testcase>
    <testcase classname=" timer stops at 0" name=" timer stops at 0" time="0.007">
    </testcase>
    <testcase classname=" stop timer button stops the timer" name=" stop timer button stops the timer" time="0.021">
    </testcase>
  </testsuite>
</testsuites>